2026-08-03 11:54:57,933 | INFO | args: {'dataset_pkl': '/disk4hu/hejp/00_thesis/4_predict_translation/results/training_result/training_v3_2/rnafm_only/translation_strict_lenmatched_run00.pkl', 'out_dir': '/disk4hu/hejp/00_thesis/4_predict_translation/results/training_result/training_v3_2/rnafm_self_attention_strict_10runs/afteroptimize/enhanced_position_ffmult2_wd5e4_10runs_roc/rnafm_self_attention_enhanced_position_select_strict_roc_run00', 'run_name': 'rnafm_self_attention_enhanced_position_select_strict_roc_run00', 'seed': 42, 'epochs': 50, 'batch_size': 64, 'lr': 0.0001, 'weight_decay': 0.0005, 'patience': 10, 'num_workers': 2, 'dropout': 0.2, 'branch_hidden_dim': 256, 'fusion_hidden_dim': 256, 'num_heads': 8, 'num_layers': 2, 'ff_mult': 2, 'position_mode': 'enhanced', 'monitor_metric': 'roc_auc', 'valid_size': 0.15, 'test_size': 0.15, 'grad_clip': 1.0, 'no_preload': False}
2026-08-03 11:54:57,933 | INFO | device: cuda
2026-08-03 11:54:58,065 | INFO | loaded: (19158, 20)
2026-08-03 11:54:58,067 | INFO | label_raw:
label_raw
ribotricer     9579
MS-|Ribo+      2208
MS++|Ribo+     1634
MS-|Ribo++     1613
MS+|Ribo+      1584
MS++|Ribo++    1297
MS+|Ribo++     1243
2026-08-03 11:54:58,068 | INFO | binary_label:
binary_label
0    9579
1    9579
2026-08-03 11:54:58,085 | INFO | split: train=13410 valid=2874 test=2874
2026-08-03 11:56:45,031 | INFO | rna_dim=640 | parameters=1717249
2026-08-03 11:56:45,031 | INFO | model:
RNAFMSelfAttentionEnhancedPositionModel(
  (up_proj): SegmentProjector(
    (proj): Sequential(
      (0): Linear(in_features=644, out_features=256, bias=True)
      (1): LayerNorm((256,), eps=1e-05, elementwise_affine=True)
      (2): GELU(approximate='none')
      (3): Dropout(p=0.2, inplace=False)
    )
  )
  (orf_proj): SegmentProjector(
    (proj): Sequential(
      (0): Linear(in_features=644, out_features=256, bias=True)
      (1): LayerNorm((256,), eps=1e-05, elementwise_affine=True)
      (2): GELU(approximate='none')
      (3): Dropout(p=0.2, inplace=False)
    )
  )
  (down_proj): SegmentProjector(
    (proj): Sequential(
      (0): Linear(in_features=644, out_features=256, bias=True)
      (1): LayerNorm((256,), eps=1e-05, elementwise_affine=True)
      (2): GELU(approximate='none')
      (3): Dropout(p=0.2, inplace=False)
    )
  )
  (segment_embed): Embedding(3, 256)
  (encoder): TransformerEncoder(
    (layers): ModuleList(
      (0-1): 2 x TransformerEncoderLayer(
        (self_attn): MultiheadAttention(
          (out_proj): NonDynamicallyQuantizableLinear(in_features=256, out_features=256, bias=True)
        )
        (linear1): Linear(in_features=256, out_features=512, bias=True)
        (dropout): Dropout(p=0.2, inplace=False)
        (linear2): Linear(in_features=512, out_features=256, bias=True)
        (norm1): LayerNorm((256,), eps=1e-05, elementwise_affine=True)
        (norm2): LayerNorm((256,), eps=1e-05, elementwise_affine=True)
        (dropout1): Dropout(p=0.2, inplace=False)
        (dropout2): Dropout(p=0.2, inplace=False)
      )
    )
  )
  (out_norm): LayerNorm((256,), eps=1e-05, elementwise_affine=True)
  (classifier): Sequential(
    (0): Linear(in_features=512, out_features=256, bias=True)
    (1): LayerNorm((256,), eps=1e-05, elementwise_affine=True)
    (2): GELU(approximate='none')
    (3): Dropout(p=0.2, inplace=False)
    (4): Linear(in_features=256, out_features=128, bias=True)
    (5): GELU(approximate='none')
    (6): Dropout(p=0.2, inplace=False)
    (7): Linear(in_features=128, out_features=1, bias=True)
  )
)
2026-08-03 11:57:54,878 | INFO | Epoch 001 | train loss 0.6174 auc 0.7114 ap 0.7170 f1 0.6414 | valid loss 0.5618 auc 0.7828 ap 0.7916 f1 0.6988 mcc 0.4185
2026-08-03 11:57:54,894 | INFO | new best checkpoint | epoch=1 | valid_roc_auc=0.782835
2026-08-03 11:59:02,477 | INFO | Epoch 002 | train loss 0.5549 auc 0.7887 ap 0.7858 f1 0.7146 | valid loss 0.5577 auc 0.7985 ap 0.8014 f1 0.7081 mcc 0.4291
2026-08-03 11:59:02,502 | INFO | new best checkpoint | epoch=2 | valid_roc_auc=0.798531
2026-08-03 12:00:10,461 | INFO | Epoch 003 | train loss 0.5363 auc 0.8058 ap 0.8040 f1 0.7267 | valid loss 0.5420 auc 0.8079 ap 0.8086 f1 0.7267 mcc 0.4365
2026-08-03 12:00:10,488 | INFO | new best checkpoint | epoch=3 | valid_roc_auc=0.807857
2026-08-03 12:01:18,769 | INFO | Epoch 004 | train loss 0.5217 auc 0.8188 ap 0.8166 f1 0.7381 | valid loss 0.5521 auc 0.8150 ap 0.8185 f1 0.6789 mcc 0.4723
2026-08-03 12:01:18,793 | INFO | new best checkpoint | epoch=4 | valid_roc_auc=0.814992
2026-08-03 12:02:26,245 | INFO | Epoch 005 | train loss 0.5217 auc 0.8189 ap 0.8193 f1 0.7358 | valid loss 0.5446 auc 0.8128 ap 0.8178 f1 0.6678 mcc 0.4548
2026-08-03 12:03:33,421 | INFO | Epoch 006 | train loss 0.5080 auc 0.8298 ap 0.8272 f1 0.7477 | valid loss 0.5169 auc 0.8231 ap 0.8290 f1 0.7224 mcc 0.4841
2026-08-03 12:03:33,448 | INFO | new best checkpoint | epoch=6 | valid_roc_auc=0.823124
2026-08-03 12:04:40,319 | INFO | Epoch 007 | train loss 0.4937 auc 0.8406 ap 0.8378 f1 0.7596 | valid loss 0.5209 auc 0.8351 ap 0.8393 f1 0.6910 mcc 0.4997
2026-08-03 12:04:40,344 | INFO | new best checkpoint | epoch=7 | valid_roc_auc=0.835077
2026-08-03 12:05:47,205 | INFO | Epoch 008 | train loss 0.4727 auc 0.8553 ap 0.8559 f1 0.7707 | valid loss 0.5189 auc 0.8444 ap 0.8488 f1 0.7208 mcc 0.5283
2026-08-03 12:05:47,230 | INFO | new best checkpoint | epoch=8 | valid_roc_auc=0.844393
2026-08-03 12:06:54,486 | INFO | Epoch 009 | train loss 0.4653 auc 0.8609 ap 0.8587 f1 0.7744 | valid loss 0.4878 auc 0.8500 ap 0.8559 f1 0.7619 mcc 0.5327
2026-08-03 12:06:54,511 | INFO | new best checkpoint | epoch=9 | valid_roc_auc=0.849974
2026-08-03 12:08:01,368 | INFO | Epoch 010 | train loss 0.4568 auc 0.8661 ap 0.8662 f1 0.7819 | valid loss 0.6101 auc 0.8364 ap 0.8449 f1 0.6017 mcc 0.4710
2026-08-03 12:09:08,295 | INFO | Epoch 011 | train loss 0.4305 auc 0.8827 ap 0.8831 f1 0.8018 | valid loss 0.5152 auc 0.8587 ap 0.8617 f1 0.7245 mcc 0.5423
2026-08-03 12:09:08,324 | INFO | new best checkpoint | epoch=11 | valid_roc_auc=0.858704
2026-08-03 12:10:15,531 | INFO | Epoch 012 | train loss 0.4186 auc 0.8898 ap 0.8888 f1 0.8060 | valid loss 0.6607 auc 0.8541 ap 0.8643 f1 0.6036 mcc 0.4798
2026-08-03 12:11:22,533 | INFO | Epoch 013 | train loss 0.4014 auc 0.8990 ap 0.9009 f1 0.8129 | valid loss 0.6155 auc 0.8561 ap 0.8639 f1 0.6482 mcc 0.5019
2026-08-03 12:12:29,770 | INFO | Epoch 014 | train loss 0.3921 auc 0.9041 ap 0.9049 f1 0.8249 | valid loss 0.4923 auc 0.8569 ap 0.8630 f1 0.7484 mcc 0.5562
2026-08-03 12:13:36,544 | INFO | Epoch 015 | train loss 0.3705 auc 0.9150 ap 0.9154 f1 0.8331 | valid loss 0.5061 auc 0.8578 ap 0.8650 f1 0.7653 mcc 0.5742
2026-08-03 12:14:43,398 | INFO | Epoch 016 | train loss 0.3185 auc 0.9379 ap 0.9384 f1 0.8643 | valid loss 0.5801 auc 0.8621 ap 0.8676 f1 0.7417 mcc 0.5655
2026-08-03 12:14:43,423 | INFO | new best checkpoint | epoch=16 | valid_roc_auc=0.862114
2026-08-03 12:15:50,157 | INFO | Epoch 017 | train loss 0.3084 auc 0.9418 ap 0.9421 f1 0.8695 | valid loss 0.7152 auc 0.8570 ap 0.8658 f1 0.6512 mcc 0.5102
2026-08-03 12:16:56,880 | INFO | Epoch 018 | train loss 0.2735 auc 0.9548 ap 0.9551 f1 0.8824 | valid loss 0.6320 auc 0.8628 ap 0.8678 f1 0.7070 mcc 0.5364
2026-08-03 12:16:56,905 | INFO | new best checkpoint | epoch=18 | valid_roc_auc=0.862785
2026-08-03 12:18:04,245 | INFO | Epoch 019 | train loss 0.2577 auc 0.9598 ap 0.9607 f1 0.8906 | valid loss 0.6591 auc 0.8564 ap 0.8617 f1 0.6794 mcc 0.5113
2026-08-03 12:19:11,337 | INFO | Epoch 020 | train loss 0.2466 auc 0.9630 ap 0.9633 f1 0.8991 | valid loss 0.7734 auc 0.8545 ap 0.8625 f1 0.6243 mcc 0.4871
2026-08-03 12:20:18,364 | INFO | Epoch 021 | train loss 0.2172 auc 0.9717 ap 0.9722 f1 0.9118 | valid loss 0.8543 auc 0.8546 ap 0.8612 f1 0.5997 mcc 0.4748
2026-08-03 12:21:25,352 | INFO | Epoch 022 | train loss 0.2155 auc 0.9716 ap 0.9722 f1 0.9153 | valid loss 0.8057 auc 0.8510 ap 0.8570 f1 0.6320 mcc 0.4898
2026-08-03 12:22:32,430 | INFO | Epoch 023 | train loss 0.1760 auc 0.9814 ap 0.9817 f1 0.9299 | valid loss 0.7374 auc 0.8566 ap 0.8613 f1 0.6812 mcc 0.5192
2026-08-03 12:23:39,335 | INFO | Epoch 024 | train loss 0.1561 auc 0.9852 ap 0.9856 f1 0.9417 | valid loss 0.8223 auc 0.8517 ap 0.8568 f1 0.6522 mcc 0.5011
2026-08-03 12:24:46,445 | INFO | Epoch 025 | train loss 0.1477 auc 0.9865 ap 0.9867 f1 0.9454 | valid loss 0.8750 auc 0.8504 ap 0.8584 f1 0.6375 mcc 0.4965
2026-08-03 12:25:53,599 | INFO | Epoch 026 | train loss 0.1336 auc 0.9891 ap 0.9891 f1 0.9506 | valid loss 0.8006 auc 0.8564 ap 0.8623 f1 0.6997 mcc 0.5288
2026-08-03 12:27:00,359 | INFO | Epoch 027 | train loss 0.1194 auc 0.9913 ap 0.9915 f1 0.9570 | valid loss 0.7331 auc 0.8542 ap 0.8584 f1 0.7273 mcc 0.5386
2026-08-03 12:28:07,465 | INFO | Epoch 028 | train loss 0.1117 auc 0.9925 ap 0.9928 f1 0.9583 | valid loss 0.9088 auc 0.8540 ap 0.8602 f1 0.6661 mcc 0.5078
2026-08-03 12:28:07,465 | INFO | early stop at epoch 28
2026-08-03 12:28:14,937 | INFO | BEST CHECKPOINT: epoch=18 | valid_roc_auc=0.862785
2026-08-03 12:28:14,937 | INFO | TEST: {'accuracy': 0.7592205984690327, 'balanced_accuracy': 0.7592205984690327, 'precision': 0.8852119958634953, 'recall': 0.5956854558107167, 'f1': 0.7121464226289518, 'mcc': 0.5486150144720311, 'roc_auc': 0.8630778476577615, 'average_precision': 0.873369200488995, 'tn': 1326, 'fp': 111, 'fn': 581, 'tp': 856, 'loss': 0.629216915111867}
